V3 21
FL C:/projects/rr2011v5/pcores/plb_vision_v1_00_a/hdl/vhdl/plb_vision.vhd 2010/03/26.08:33:04 M.81d
EN plb_vision_v1_00_a/plb_vision 1301159966 \
      FL C:/projects/rr2011v5/pcores/plb_vision_v1_00_a/hdl/vhdl/plb_vision.vhd \
      PB ieee/std_logic_1164 1290154108 PB ieee/std_logic_arith 1290154109 \
      PB ieee/STD_LOGIC_UNSIGNED 1290154110 LB proc_common_v3_00_a \
      LB rdpfifo_v4_01_a LB plbv46_slave_single_v1_01_a \
      LB plbv46_master_burst_v1_01_a LB plb_vision_v1_00_a \
      PB proc_common_v3_00_a/proc_common_pkg 1301159919 \
      PB proc_common_v3_00_a/ipif_pkg 1301159927 EN rdpfifo_v4_01_a/rdpfifo_top 1301159958 \
      EN plbv46_slave_single_v1_01_a/plbv46_slave_single 1301159960 \
      EN plbv46_master_burst_v1_01_a/plbv46_master_burst 1301159962
AR plb_vision_v1_00_a/plb_vision/IMP 1301159967 \
      FL C:/projects/rr2011v5/pcores/plb_vision_v1_00_a/hdl/vhdl/plb_vision.vhd \
      EN plb_vision_v1_00_a/plb_vision 1301159966 \
      CP plbv46_slave_single_v1_01_a/plbv46_slave_single \
      CP plbv46_master_burst_v1_01_a/plbv46_master_burst \
      CP rdpfifo_v4_01_a/rdpfifo_top CP plb_vision_v1_00_a/user_logic
FL C:/projects/rr2011v5/pcores/plb_vision_v1_00_a/hdl/vhdl/user_logic.vhd 2011/03/26.10:42:25 M.81d
EN plb_vision_v1_00_a/user_logic 1301159964 \
      FL C:/projects/rr2011v5/pcores/plb_vision_v1_00_a/hdl/vhdl/user_logic.vhd \
      PB ieee/std_logic_1164 1290154108 PB ieee/NUMERIC_STD 1290154109 \
      LB proc_common_v3_00_a PB proc_common_v3_00_a/proc_common_pkg 1301159919
AR plb_vision_v1_00_a/user_logic/IMP 1301159965 \
      FL C:/projects/rr2011v5/pcores/plb_vision_v1_00_a/hdl/vhdl/user_logic.vhd \
      EN plb_vision_v1_00_a/user_logic 1301159964 CP frame_sync_hs CP cam_ser \
      CP frame_fifo CP size_buffer CP camera_processor CP rgb2hsv
