
**** Build of configuration Debug for project TestApp_Vision ****

make all 
Building file: C:/RobotRacers/CultOfSkaro/SDK/drivers/plb_vision_v1_00_a/src/plb_vision_selftest.c
Invoking: PowerPC gcc compiler
powerpc-eabi-gcc -Wall -O0 -g3 -I"C:\RobotRacers\CultOfSkaro\SDK\common" -I"C:\RobotRacers\CultOfSkaro\SDK\drivers\plb_usb_v1_00_a\src" -I"C:\RobotRacers\CultOfSkaro\SDK\drivers\plb_vision_v1_00_a\src" -I"C:\RobotRacers\CultOfSkaro\SDK\DataTypes" -I"C:\RobotRacers\CultOfSkaro\SDK\RobotRacers_bsp_0\ppc405_0\include" -c -fmessage-length=0 -MMD -MP -MF"plb_vision_v1_00_a/src/plb_vision_selftest.d" -MT"plb_vision_v1_00_a/src/plb_vision_selftest.d" -o"plb_vision_v1_00_a/src/plb_vision_selftest.o" "C:/RobotRacers/CultOfSkaro/SDK/drivers/plb_vision_v1_00_a/src/plb_vision_selftest.c"
cygwin warning:
  MS-DOS style path detected: C:\RobotRacers\CultOfSkaro\SDK\TestApp_Vision\Debug
  Preferred POSIX equivalent is: /c/RobotRacers/CultOfSkaro/SDK/TestApp_Vision/Debug
  CYGWIN environment variable option "nodosfilewarning" turns off this warning.
  Consult the user's guide for more details about POSIX paths:
    http://cygwin.com/cygwin-ug-net/using.html#using-pathnames
C:/RobotRacers/CultOfSkaro/SDK/common/mpmc_calibration.h:186: warning: 'MpmcUpdateStaticPhyReg' declared 'static' but never defined
Finished building: C:/RobotRacers/CultOfSkaro/SDK/drivers/plb_vision_v1_00_a/src/plb_vision_selftest.c
 
Building target: TestApp_Vision.elf
Invoking: PowerPC gcc linker
powerpc-eabi-gcc -L"C:\RobotRacers\CultOfSkaro\SDK\RobotRacers_bsp_0\ppc405_0\lib" -Wl,-T -Wl,../src/lscript.ld -o"TestApp_Vision.elf"  ./xil_sprintf/xil_sprintf.o  ./plb_vision_v1_00_a/src/plb_vision.o ./plb_vision_v1_00_a/src/plb_vision_selftest.o  ./plb_usb_v1_00_a/src/USB_IO.o  ./common/HeliosIO.o ./common/LoopScheduler.o ./common/State.o ./common/Timer.o ./common/mpmc_calibration.o ./common/mpmc_mem_test_example.o  ./DataTypes/BufferStore.o ./DataTypes/FrameTable.o ./DataTypes/Queue.o   -Wl,--start-group,-lxil,-lgcc,-lc,--end-group -lxilflash
cygwin warning:
  MS-DOS style path detected: C:\RobotRacers\CultOfSkaro\SDK\TestApp_Vision\Debug
  Preferred POSIX equivalent is: /c/RobotRacers/CultOfSkaro/SDK/TestApp_Vision/Debug
  CYGWIN environment variable option "nodosfilewarning" turns off this warning.
  Consult the user's guide for more details about POSIX paths:
    http://cygwin.com/cygwin-ug-net/using.html#using-pathnames
Finished building target: TestApp_Vision.elf
 
Invoking: PowerPC Print Size
powerpc-eabi-size TestApp_Vision.elf  |tee "TestApp_Vision.elf.size"
cygwin warning:
  MS-DOS style path detected: C:\RobotRacers\CultOfSkaro\SDK\TestApp_Vision\Debug
  Preferred POSIX equivalent is: /c/RobotRacers/CultOfSkaro/SDK/TestApp_Vision/Debug
  CYGWIN environment variable option "nodosfilewarning" turns off this warning.
  Consult the user's guide for more details about POSIX paths:
    http://cygwin.com/cygwin-ug-net/using.html#using-pathnames
   text	   data	    bss	    dec	    hex	filename
  51254	    500	   2760	  54514	   d4f2	TestApp_Vision.elf
Finished building: TestApp_Vision.elf.size
 
Invoking: Xilinx ELF Check
elfcheck TestApp_Vision.elf -hw ../../VHDL_hw_platform/system.xml -pe ppc405_0  |tee "TestApp_Vision.elf.elfcheck"
cygwin warning:
  MS-DOS style path detected: C:\RobotRacers\CultOfSkaro\SDK\TestApp_Vision\Debug
  Preferred POSIX equivalent is: /c/RobotRacers/CultOfSkaro/SDK/TestApp_Vision/Debug
  CYGWIN environment variable option "nodosfilewarning" turns off this warning.
  Consult the user's guide for more details about POSIX paths:
    http://cygwin.com/cygwin-ug-net/using.html#using-pathnames
elfcheck
Xilinx EDK 13.3 Build EDK_O.76xd
Copyright (c) 1995-2011 Xilinx, Inc.  All rights reserved.

Command Line: elfcheck -hw ../../VHDL_hw_platform/system.xml -pe ppc405_0
TestApp_Vision.elf 

ELF file	: TestApp_Vision.elf
elfcheck passed.
Finished building: TestApp_Vision.elf.elfcheck
 
