C:\RobotRacers\hardware_dans_branch\implementation\system.ngc 1331592381
C:/RobotRacers/hardware_dans_branch/implementation/ppc405_0_wrapper.ngc 1331591888
C:/RobotRacers/hardware_dans_branch/implementation/ppc405_1_wrapper.ngc 1331591888
C:/RobotRacers/hardware_dans_branch/implementation/plb_0_wrapper.ngc 1331591888
C:/RobotRacers/hardware_dans_branch/implementation/plb_1_wrapper.ngc 1331591888
C:/RobotRacers/hardware_dans_branch/implementation/xps_bram_if_cntlr_0_wrapper.ngc 1331591888
C:/RobotRacers/hardware_dans_branch/implementation/xps_bram_if_cntlr_1_wrapper.ngc 1331591889
C:/RobotRacers/hardware_dans_branch/implementation/plb_bram_if_cntlr_0_bram_wrapper.ngc 1331591889
C:/RobotRacers/hardware_dans_branch/implementation/plb_bram_if_cntlr_1_bram_wrapper.ngc 1331591890
C:/RobotRacers/hardware_dans_branch/implementation/serial_uart_wrapper.ngc 1331591890
C:/RobotRacers/hardware_dans_branch/implementation/wireless_uart_wrapper.ngc 1331591890
C:/RobotRacers/hardware_dans_branch/implementation/clock_generator_0_wrapper.ngc 1331592075
C:/RobotRacers/hardware_dans_branch/implementation/jtagppc_cntlr_inst_wrapper.ngc 1331591890
C:/RobotRacers/hardware_dans_branch/implementation/proc_sys_reset_0_wrapper.ngc 1331591890
C:/RobotRacers/hardware_dans_branch/implementation/xps_intc_0_wrapper.ngc 1331591890
C:/RobotRacers/hardware_dans_branch/implementation/plb_quad_encoder_0_wrapper.ngc 1331591890
C:/RobotRacers/hardware_dans_branch/implementation/plb_pwm_ctrl_0_wrapper.ngc 1331591890
C:/RobotRacers/hardware_dans_branch/implementation/xps_mch_emc_flash_wrapper.ngc 1331591891
C:/RobotRacers/hardware_dans_branch/implementation/xps_mch_emc_sram_wrapper.ngc 1331591891
C:/RobotRacers/hardware_dans_branch/implementation/dcm_module_0_wrapper.ngc 1331591891
C:/RobotRacers/hardware_dans_branch/implementation/plb_usb_0_wrapper.ngc 1331591891
C:/RobotRacers/hardware_dans_branch/implementation/plb_vision_0_wrapper.ngc 1331591891
C:/RobotRacers/hardware_dans_branch/implementation/mpmc_0_wrapper.ngc 1331591892
C:/RobotRacers/hardware_dans_branch/implementation/dcm_2_wrapper.ngc 1331591892
C:/RobotRacers/hardware_dans_branch/implementation/xps_gpio_1_wrapper.ngc 1331591892
C:/RobotRacers/hardware_dans_branch/implementation/debug_module_0_wrapper.ngc 1331591892
C:/RobotRacers/hardware_dans_branch/implementation/gameboard_uart_wrapper.ngc 1331592051
OK
