C:\RobotRacers\CultOfSkaro\hardware\implementation\system.ngc 1332208984
C:/RobotRacers/CultOfSkaro/hardware/implementation/ppc405_0_wrapper.ngc 1332208539
C:/RobotRacers/CultOfSkaro/hardware/implementation/ppc405_1_wrapper.ngc 1332208554
C:/RobotRacers/CultOfSkaro/hardware/implementation/plb_0_wrapper.ngc 1332205283
C:/RobotRacers/CultOfSkaro/hardware/implementation/plb_1_wrapper.ngc 1332205378
C:/RobotRacers/CultOfSkaro/hardware/implementation/xps_bram_if_cntlr_0_wrapper.ngc 1332205416
C:/RobotRacers/CultOfSkaro/hardware/implementation/xps_bram_if_cntlr_1_wrapper.ngc 1332205453
C:/RobotRacers/CultOfSkaro/hardware/implementation/plb_bram_if_cntlr_0_bram_wrapper.ngc 1332206462
C:/RobotRacers/CultOfSkaro/hardware/implementation/plb_bram_if_cntlr_1_bram_wrapper.ngc 1332206729
C:/RobotRacers/CultOfSkaro/hardware/implementation/serial_uart_wrapper.ngc 1332206815
C:/RobotRacers/CultOfSkaro/hardware/implementation/wireless_uart_wrapper.ngc 1332206878
C:/RobotRacers/CultOfSkaro/hardware/implementation/clock_generator_0_wrapper.ngc 1332208570
C:/RobotRacers/CultOfSkaro/hardware/implementation/jtagppc_cntlr_inst_wrapper.ngc 1332206920
C:/RobotRacers/CultOfSkaro/hardware/implementation/proc_sys_reset_0_wrapper.ngc 1332206941
C:/RobotRacers/CultOfSkaro/hardware/implementation/xps_intc_0_wrapper.ngc 1332208586
C:/RobotRacers/CultOfSkaro/hardware/implementation/plb_quad_encoder_0_wrapper.ngc 1332207038
C:/RobotRacers/CultOfSkaro/hardware/implementation/plb_pwm_ctrl_0_wrapper.ngc 1332207086
C:/RobotRacers/CultOfSkaro/hardware/implementation/xps_mch_emc_flash_wrapper.ngc 1332207156
C:/RobotRacers/CultOfSkaro/hardware/implementation/xps_mch_emc_sram_wrapper.ngc 1332207221
C:/RobotRacers/CultOfSkaro/hardware/implementation/dcm_module_0_wrapper.ngc 1332207241
C:/RobotRacers/CultOfSkaro/hardware/implementation/plb_usb_0_wrapper.ngc 1332208602
C:/RobotRacers/CultOfSkaro/hardware/implementation/plb_vision_0_wrapper.ngc 1332208621
C:/RobotRacers/CultOfSkaro/hardware/implementation/mpmc_0_wrapper.ngc 1332208645
C:/RobotRacers/CultOfSkaro/hardware/implementation/dcm_2_wrapper.ngc 1332208236
C:/RobotRacers/CultOfSkaro/hardware/implementation/xps_gpio_1_wrapper.ngc 1332208349
C:/RobotRacers/CultOfSkaro/hardware/implementation/debug_module_0_wrapper.ngc 1332208391
C:/RobotRacers/CultOfSkaro/hardware/implementation/gameboard_uart_wrapper.ngc 1332208458
C:/RobotRacers/CultOfSkaro/hardware/implementation/xps_intc_1_wrapper.ngc 1332208661
OK
