AR ipif_control_rd implementation C:/Xilinx/12.4/ISE_DS/EDK/hw/XilinxProcessorIPLib/pcores/rdpfifo_v4_01_a/hdl/vhdl/ipif_control_rd.vhd sub00/vhpl01 1301159955
AR rdpfifo_top implementation C:/Xilinx/12.4/ISE_DS/EDK/hw/XilinxProcessorIPLib/pcores/rdpfifo_v4_01_a/hdl/vhdl/rdpfifo_top.vhd sub00/vhpl05 1301159959
EN rdpfifo_dp_cntl NULL C:/Xilinx/12.4/ISE_DS/EDK/hw/XilinxProcessorIPLib/pcores/rdpfifo_v4_01_a/hdl/vhdl/rdpfifo_dp_cntl.vhd sub00/vhpl02 1301159956
EN ipif_control_rd NULL C:/Xilinx/12.4/ISE_DS/EDK/hw/XilinxProcessorIPLib/pcores/rdpfifo_v4_01_a/hdl/vhdl/ipif_control_rd.vhd sub00/vhpl00 1301159954
AR rdpfifo_dp_cntl implementation C:/Xilinx/12.4/ISE_DS/EDK/hw/XilinxProcessorIPLib/pcores/rdpfifo_v4_01_a/hdl/vhdl/rdpfifo_dp_cntl.vhd sub00/vhpl03 1301159957
EN rdpfifo_top NULL C:/Xilinx/12.4/ISE_DS/EDK/hw/XilinxProcessorIPLib/pcores/rdpfifo_v4_01_a/hdl/vhdl/rdpfifo_top.vhd sub00/vhpl04 1301159958
